// Jest Snapshot v1, https://goo.gl/fbAQLP

exports[`ToggleBlock component. Matches snapshot. 1`] = `
<div
  className="toggle-block-container toggle-block"
  id=""
>
  <h2
    className="toggle-block-title"
  >
    <button
      aria-expanded={true}
      onClick={[Function]}
      type="button"
    >
      <svg
        aria-hidden="true"
        className="svg-inline--fa fa-chevron-down fa-1x "
        data-icon="chevron-down"
        data-prefix="fas"
        focusable="false"
        role="presentation"
        style={Object {}}
        viewBox="0 0 512 512"
        xmlns="http://www.w3.org/2000/svg"
      >
        <path
          d="M233.4 406.6c12.5 12.5 32.8 12.5 45.3 0l192-192c12.5-12.5 12.5-32.8 0-45.3s-32.8-12.5-45.3 0L256 338.7 86.6 169.4c-12.5-12.5-32.8-12.5-45.3 0s-12.5 32.8 0 45.3l192 192z"
          fill="currentColor"
          style={Object {}}
        />
      </svg>
      Donec eu libero sit amet quam egestas semper?
    </button>
  </h2>
  <div
    className="toggle-block-panel toggle-block-inner open"
  >
    <div>
      <p>
        Pellentesque habitant morbi tristique senectus et netus et malesuada fames ac turpis egestas. Vestibulum tortor quam, feugiat vitae, ultricies eget, tempor sit amet, ante. Donec eu libero sit amet quam egestas semper. Aenean ultricies mi vitae est. Mauris placerat eleifend leo. Quisque sit amet est et sapien ullamcorper pharetra. Vestibulum erat wisi, condimentum sed, commodo vitae, ornare sit amet, wisi. Aenean fermentum, elit eget tincidunt condimentum, eros ipsum rutrum orci, sagittis tempus lacus enim ac dui. Donec non enim in turpis pulvinar facilisis. Ut felis. Praesent dapibus, neque id cursus faucibus, tortor neque egestas augue, eu vulputate magna eros eu erat. Aliquam erat volutpat. Nam dui mi, tincidunt quis, accumsan porttitor, facilisis luctus, metus
      </p>
    </div>
  </div>
</div>
`;
