// Vitest Snapshot v1, https://vitest.dev/guide/snapshot.html

exports[`FilteredDownload component. > Matches snapshot. 1`] = `
<DocumentFragment>
  <div
    class="resource"
  >
    <a
      class="dataset-download-link"
      href=""
      rel="noopener noreferrer"
      role="button"
      tabindex="0"
      target="_blank"
    >
      <svg
        aria-hidden="true"
        aria-label="filter"
        class="fa fa-filter"
        focusable="false"
        height="16"
        role="img"
        viewBox="0 0 512 512"
        width="16"
        xmlns="http://www.w3.org/2000/svg"
      >
        <path
          d="M463.952 0H48.057C5.419 0-16.094 51.731 14.116 81.941L176 243.882V416c0 15.108 7.113 29.335 19.2 40l64 47.066c31.273 21.855 76.8 1.538 76.8-38.4V243.882L497.893 81.941C528.042 51.792 506.675 0 463.952 0zM288 224v240l-64-48V224L48 48h416L288 224z"
          fill="#323A45"
        />
      </svg>
      <span>
        Download filtered dataset 
        <span
          class="sr-only"
        >
          - csv
        </span>
      </span>
    </a>
    <div
      class="ds-c-dialog-wrap"
    >
      <dialog
        aria-labelledby="dialog--1__heading"
        class="ds-c-dialog csv-download-link-dialog"
        id="dialog--1"
        role="dialog"
        tabindex="-1"
      >
        <div
          class="ds-c-dialog__window"
        >
          <div
            class="ds-c-dialog__header"
          >
            <h2
              class="ds-c-dialog__heading"
              id="dialog--1__heading"
            >
              Notice: Downloading in Excel
            </h2>
            <button
              aria-label="Close notice dialog"
              class="ds-c-close-button ds-c-dialog__close"
              id="dialog--1__close"
              type="button"
            >
              <svg
                aria-hidden="true"
                class="ds-c-icon ds-c-icon--close ds-c-icon--close-thin "
                id="dialog--1__close__icon"
                viewBox="-2 -2 18 18"
                xmlns="http://www.w3.org/2000/svg"
              >
                <path
                  d="M0 13.0332964L13.0332964 0M13.0332964 13.0332964L0 0"
                  fill="none"
                  stroke="currentColor"
                  stroke-linecap="round"
                  stroke-width="2"
                />
              </svg>
            </button>
          </div>
          <div
            class="ds-c-dialog__body"
          >
            <div
              id="dialog--1__content"
            >
              <p>
                Before downloading these files in Excel, please review the 
                <strong>
                  Excel Download Instructions
                </strong>
                 to ensure accuracy with the display of your data when downloading, opening and saving these files.
              </p>
              <ul
                class="csv-faq-link"
              >
                <li>
                  <a
                    href="/about#download-files-in-excel"
                  >
                    Excel Download Instructions
                  </a>
                </li>
              </ul>
              <p>
                Would you like to proceed?
              </p>
            </div>
            <div
              class="ds-c-dialog__actions"
            >
              <div
                class="csv-download-link-dialog-actions"
              >
                <button
                  class="btn blueberry"
                  data-download-url="https://pqdc-dkan.ddev.site/provider-data/api/1/pdc/query/test-data-abcd-0005/0/download?conditions%5B0%5D%5Bproperty%5D=col5&conditions%5B0%5D%5Boperator%5D=is_empty&conditions%5B0%5D%5Bvalue%5D=&properties=1-2-3-4-5-6&format=csv"
                >
                  Yes, download
                </button>
                <button
                  class="btn"
                >
                  No, cancel
                </button>
              </div>
            </div>
          </div>
        </div>
      </dialog>
    </div>
    <div
      class="format"
    >
      <span>
        csv
      </span>
    </div>
  </div>
</DocumentFragment>
`;
